/exports/homes/mbruckel/netfpga/projects/Network_arch_ethernet_switch/synth/nf2_top.ngc 1299195723
/exports/homes/mbruckel/netfpga/projects/Network_arch_ethernet_switch/synth/cam_mac.ngc 1299195271
/exports/homes/mbruckel/netfpga/projects/Network_arch_ethernet_switch/synth/ram_mem.ngc 1299195386
/exports/homes/mbruckel/netfpga/projects/Network_arch_ethernet_switch/synth/syncfifo_512x72.ngc 1297970651
/exports/homes/mbruckel/netfpga/projects/Network_arch_ethernet_switch/synth/cdq_tx_fifo_256x72_to_36.ngc 1297970649
/exports/homes/mbruckel/netfpga/projects/Network_arch_ethernet_switch/synth/cdq_rx_fifo_512x36_to_72.ngc 1297970651
/exports/homes/mbruckel/netfpga/projects/Network_arch_ethernet_switch/synth/txfifo_512x72_to_9.ngc 1297970651
/exports/homes/mbruckel/netfpga/projects/Network_arch_ethernet_switch/synth/rxfifo_8kx9_to_72.ngc 1297970651
/exports/homes/mbruckel/netfpga/projects/Network_arch_ethernet_switch/synth/rxlengthfifo_128x13.ngc 1297970651
/exports/homes/mbruckel/netfpga/projects/Network_arch_ethernet_switch/synth/pci2net_16x60.ngc 1297970651
/exports/homes/mbruckel/netfpga/projects/Network_arch_ethernet_switch/synth/net2pci_16x32.ngc 1297970650
OK
