Release 10.1.03 Map K.39 (lin64)
Xilinx Map Application Log File for Design 'nf2_top'

Design Information
------------------
Command Line   : map -intstyle ise -timing -detail -ol high -cm speed
-register_duplication -smartguide smartguide.ncd -ignore_keep_hierarchy -pr b -k
4 -c 100 -tx off nf2_top.ngd 
Target Device  : xc2vp50
Target Package : ff1152
Target Speed   : -7
Mapper Version : virtex2p -- $Revision: 1.46.12.2 $
Mapped Date    : Thu Mar  3 15:42:26 2011

Mapping design into LUTs...
Running directed packing...
Constraining slice packing based on guide NCD.
Running delay-based LUT packing...
Running timing-driven packing...

Phase 1.7
Phase 1.7 (Checksum:2385849b) REAL time: 1 mins 10 secs 

Phase 2.31
Phase 2.31 (Checksum:2385849b) REAL time: 1 mins 10 secs 

Phase 3.2
Phase 3.2 (Checksum:2385849b) REAL time: 1 mins 15 secs 

Phase 4.30
Phase 4.30 (Checksum:2385849b) REAL time: 1 mins 15 secs 

Phase 5.3
Phase 5.3 (Checksum:2385849b) REAL time: 1 mins 16 secs 

Phase 6.5
Phase 6.5 (Checksum:2385849b) REAL time: 1 mins 17 secs 

Phase 7.4
.....
.
Phase 7.4 (Checksum:2385849b) REAL time: 1 mins 40 secs 

Phase 8.28
Phase 8.28 (Checksum:2385849b) REAL time: 1 mins 42 secs 

Phase 9.8
.....
.
.
...............
...............
...............
...............
Phase 9.8 (Checksum:97c0792a) REAL time: 4 mins 11 secs 

Phase 10.29
Phase 10.29 (Checksum:97c0792a) REAL time: 4 mins 11 secs 

Phase 11.5
Phase 11.5 (Checksum:97c0792a) REAL time: 4 mins 12 secs 

Phase 12.18
Phase 12.18 (Checksum:97c066bd) REAL time: 5 mins 29 secs 

Phase 13.5
Phase 13.5 (Checksum:97c066bd) REAL time: 5 mins 30 secs 

Phase 14.27
Phase 14.27 (Checksum:97c07619) REAL time: 5 mins 38 secs 

Phase 15.24
Phase 15.24 (Checksum:97c07619) REAL time: 5 mins 43 secs 

REAL time consumed by placer: 5 mins 44 secs 
CPU  time consumed by placer: 5 mins 43 secs 
Invoking physical synthesis ...

Physical synthesis completed.
Updating route info ...

Design Summary
--------------

Design Summary:
Number of errors:      0
Number of warnings: 2164
Logic Utilization:
  Total Number Slice Registers:      12,738 out of  47,232   26%
    Number used as Flip Flops:       12,442
    Number used as Latches:             296
  Number of 4 input LUTs:            16,810 out of  47,232   35%
Logic Distribution:
  Number of occupied Slices:         13,048 out of  23,616   55%
    Number of Slices containing only related logic:  13,048 out of  13,048 100%
    Number of Slices containing unrelated logic:          0 out of  13,048   0%
      *See NOTES below for an explanation of the effects of unrelated logic.
  Total Number of 4 input LUTs:      18,026 out of  47,232   38%
    Number used as logic:            14,482
    Number used as a route-thru:      1,216
    Number used for Dual Port RAMs:   1,678
      (Two LUTs used per Dual Port RAM)
    Number used for 32x1 RAMs:          256
      (Two LUTs used per 32x1 RAM)
    Number used as 16x1 RAMs:           160
    Number used as Shift registers:     234
  Number of bonded IOBs:                356 out of     692   51%
    IOB Flip Flops:                     651
  Number of RAMB16s:                     90 out of     232   38%
  Number of BUFGMUXs:                     8 out of      16   50%
  Number of DCMs:                         6 out of       8   75%

Peak Memory Usage:  1509 MB
Total REAL time to MAP completion:  7 mins 2 secs 
Total CPU time to MAP completion:   7 mins 1 secs 

Mapping completed.
See MAP report file "nf2_top.mrp" for details.
