Asterisk (*) preceding a constraint indicates it was not met.
   This may be due to a setup or hold violation.

------------------------------------------------------------------------------------------------------
  Constraint                                |  Check  | Worst Case |  Best Case | Timing |   Timing   
                                            |         |    Slack   | Achievable | Errors |    Score   
------------------------------------------------------------------------------------------------------
* TS_core_clk_int = PERIOD TIMEGRP "core_cl | SETUP   |    -0.057ns|     8.057ns|       2|          74
  k_int" 8 ns HIGH 50%                      | HOLD    |     0.339ns|            |       0|           0
------------------------------------------------------------------------------------------------------
  TS_tx_clk_gmii = PERIOD TIMEGRP "tx_clock | SETUP   |     0.029ns|     7.971ns|       0|           0
  _gmii" 8 ns HIGH 50%                      | HOLD    |     0.342ns|            |       0|           0
------------------------------------------------------------------------------------------------------
  TS_rx_clk = PERIOD TIMEGRP "rx_clock" 8 n | SETUP   |     0.110ns|     7.890ns|       0|           0
  s HIGH 50%                                | HOLD    |     0.219ns|            |       0|           0
------------------------------------------------------------------------------------------------------
  TS_rgmii_falling_to_rising = MAXDELAY FRO | SETUP   |     1.116ns|     2.084ns|       0|           0
  M TIMEGRP "rgmii_falling" TO TIMEGRP      |         |            |            |        |            
      "rgmii_rising" 3.2 ns                 |         |            |            |        |            
------------------------------------------------------------------------------------------------------
  TS_cpci_clk = PERIOD TIMEGRP "cpci_clk" 1 | SETUP   |     1.134ns|    14.866ns|       0|           0
  6 ns HIGH 50%                             | HOLD    |     0.498ns|            |       0|           0
------------------------------------------------------------------------------------------------------
  TIMEGRP "CPCI_ADDR" OFFSET = IN 4 ns BEFO | SETUP   |     1.135ns|     2.865ns|       0|           0
  RE COMP "cpci_clk"                        |         |            |            |        |            
------------------------------------------------------------------------------------------------------
  TIMEGRP "CPCI_WR_DATA" OFFSET = IN 4 ns B | SETUP   |     1.147ns|     2.853ns|       0|           0
  EFORE COMP "cpci_clk"                     |         |            |            |        |            
------------------------------------------------------------------------------------------------------
  TIMEGRP "CPCI_DMA_INOUT" OFFSET = IN 4 ns | SETUP   |     1.233ns|     2.767ns|       0|           0
   BEFORE COMP "cpci_clk"                   |         |            |            |        |            
------------------------------------------------------------------------------------------------------
  TIMEGRP "CPCI_DMA_IN" OFFSET = IN 4 ns BE | SETUP   |     1.272ns|     2.728ns|       0|           0
  FORE COMP "cpci_clk"                      |         |            |            |        |            
------------------------------------------------------------------------------------------------------
  TIMEGRP "CPCI_REQ" OFFSET = IN 4 ns BEFOR | SETUP   |     1.316ns|     2.684ns|       0|           0
  E COMP "cpci_clk"                         |         |            |            |        |            
------------------------------------------------------------------------------------------------------
  TIMEGRP "SRAM1_DATA" OFFSET = OUT 4 ns AF | MAXDELAY|     1.701ns|     2.299ns|       0|           0
  TER COMP "core_clk"                       |         |            |            |        |            
------------------------------------------------------------------------------------------------------
  TIMEGRP "SRAM2_DATA" OFFSET = OUT 4 ns AF | MAXDELAY|     1.717ns|     2.283ns|       0|           0
  TER COMP "core_clk"                       |         |            |            |        |            
------------------------------------------------------------------------------------------------------
  TIMEGRP "SRAM1_OUT" OFFSET = OUT 4 ns AFT | MAXDELAY|     1.740ns|     2.260ns|       0|           0
  ER COMP "core_clk"                        |         |            |            |        |            
------------------------------------------------------------------------------------------------------
  TIMEGRP "SRAM2_OUT" OFFSET = OUT 4 ns AFT | MAXDELAY|     1.775ns|     2.225ns|       0|           0
  ER COMP "core_clk"                        |         |            |            |        |            
------------------------------------------------------------------------------------------------------
  NET "rgmii_0_rxc_ibuf" MAXDELAY = 2.5 ns  | MAXDELAY|     1.897ns|     0.603ns|       0|           0
------------------------------------------------------------------------------------------------------
  NET "rgmii_2_rxc_ibuf" MAXDELAY = 2.5 ns  | MAXDELAY|     1.912ns|     0.588ns|       0|           0
------------------------------------------------------------------------------------------------------
  NET "rgmii_3_rxc_ibuf" MAXDELAY = 2.5 ns  | MAXDELAY|     2.034ns|     0.466ns|       0|           0
------------------------------------------------------------------------------------------------------
  NET "rgmii_1_rxc_ibuf" MAXDELAY = 2.5 ns  | MAXDELAY|     2.034ns|     0.466ns|       0|           0
------------------------------------------------------------------------------------------------------
  TIMEGRP "SRAM2_DATA" OFFSET = IN 4 ns BEF | SETUP   |     2.266ns|     1.734ns|       0|           0
  ORE COMP "core_clk"                       |         |            |            |        |            
------------------------------------------------------------------------------------------------------
  TIMEGRP "SRAM1_DATA" OFFSET = IN 4 ns BEF | SETUP   |     2.269ns|     1.731ns|       0|           0
  ORE COMP "core_clk"                       |         |            |            |        |            
------------------------------------------------------------------------------------------------------
  TIMEGRP "CPCI_DMA_INOUT" OFFSET = OUT 7 n | MAXDELAY|     2.311ns|     4.689ns|       0|           0
  s AFTER COMP "cpci_clk"                   |         |            |            |        |            
------------------------------------------------------------------------------------------------------
  TIMEGRP "CPCI_RDY" OFFSET = OUT 8 ns AFTE | MAXDELAY|     3.350ns|     4.650ns|       0|           0
  R COMP "cpci_clk"                         |         |            |            |        |            
------------------------------------------------------------------------------------------------------
  TIMEGRP "CPCI_DMA_OUT" OFFSET = OUT 8 ns  | MAXDELAY|     3.359ns|     4.641ns|       0|           0
  AFTER COMP "cpci_clk"                     |         |            |            |        |            
------------------------------------------------------------------------------------------------------
  TIMEGRP "CPCI_DATA" OFFSET = OUT 10 ns AF | MAXDELAY|     5.370ns|     4.630ns|       0|           0
  TER COMP "cpci_clk"                       |         |            |            |        |            
------------------------------------------------------------------------------------------------------


1 constraint not met.


