MO rxlengthfifo_128x13 NULL /exports/homes/mbruckel/netfpga/lib/verilog/core/io_queues/ethernet_queue/src/src_coregen/rxlengthfifo_128x13.v vlg26/rxlengthfifo__128x13.bin 1297105369
MO rm_hdr NULL /exports/homes/mbruckel/netfpga/lib/verilog/core/io_queues/add_rm_hdr/src/rm_hdr.v vlg28/rm__hdr.bin 1297105369
MO oq_regs_host_iface NULL /exports/homes/mbruckel/netfpga/lib/verilog/core/output_queues/sram_rr_output_queues/src/oq_regs_host_iface.v vlg40/oq__regs__host__iface.bin 1297105369
MO sync_r2w NULL /exports/homes/mbruckel/netfpga/lib/verilog/core/utils/src/small_async_fifo.v vlg67/sync__r2w.bin 1297105369
MO nf2_mdio NULL /exports/homes/mbruckel/netfpga/lib/verilog/core/io/mdio/src/nf2_mdio.v vlg2E/nf2__mdio.bin 1297105369
MO cpu_dma_queue NULL /exports/homes/mbruckel/netfpga/lib/verilog/core/io_queues/cpu_dma_queue/src/cpu_dma_queue.v vlg79/cpu__dma__queue.bin 1297105369
MO oq_regs_generic_reg_grp NULL /exports/homes/mbruckel/netfpga/lib/verilog/core/output_queues/sram_rr_output_queues/src/oq_regs_generic_reg_grp.v vlg15/oq__regs__generic__reg__grp.bin 1297105369
MO oq_regs_ctrl NULL /exports/homes/mbruckel/netfpga/lib/verilog/core/output_queues/sram_rr_output_queues/src/oq_regs_ctrl.v vlg58/oq__regs__ctrl.bin 1297105369
MO generic_sw_regs NULL /exports/homes/mbruckel/netfpga/lib/verilog/core/utils/generic_regs/src/generic_sw_regs.v vlg26/generic__sw__regs.bin 1297105369
MO cpu_dma_queue_regs NULL /exports/homes/mbruckel/netfpga/lib/verilog/core/io_queues/cpu_dma_queue/src/cpu_dma_queue_regs.v vlg79/cpu__dma__queue__regs.bin 1297105369
MO oq_header_parser NULL /exports/homes/mbruckel/netfpga/lib/verilog/core/output_queues/sram_rr_output_queues/src/oq_header_parser.v vlg24/oq__header__parser.bin 1297105369
MO add_rm_hdr NULL /exports/homes/mbruckel/netfpga/lib/verilog/core/io_queues/add_rm_hdr/src/add_rm_hdr.v vlg3C/add__rm__hdr.bin 1297105369
MO pri_encode_test NULL /exports/homes/mbruckel/netfpga/lib/verilog/core/utils/src/priority_encoder.v vlg3F/pri__encode__test.bin 1297105369
MO add_hdr NULL /exports/homes/mbruckel/netfpga/lib/verilog/core/io_queues/add_rm_hdr/src/add_hdr.v vlg32/add__hdr.bin 1297105369
MO device_id_reg NULL /exports/homes/mbruckel/netfpga/lib/verilog/core/utils/src/device_id_reg.v vlg69/device__id__reg.bin 1297105369
MO nf2_core NULL /exports/homes/mbruckel/netfpga/lib/verilog/core/nf2/reference_core/src/nf2_core.v vlg02/nf2__core.bin 1297105369
MO in_arb_regs NULL /exports/homes/mbruckel/netfpga/lib/verilog/core/input_arbiter/rr_input_arbiter/src/in_arb_regs.v vlg4B/in__arb__regs.bin 1297105369
MO cdq_tx_fifo_512x36 NULL /exports/homes/mbruckel/netfpga/lib/verilog/core/io_queues/cpu_dma_queue/src/src_coregen/cdq_tx_fifo_512x36.v vlg5A/cdq__tx__fifo__512x36.bin 1297105369
MO generic_cntr_regs NULL /exports/homes/mbruckel/netfpga/lib/verilog/core/utils/generic_regs/src/generic_cntr_regs.v vlg1F/generic__cntr__regs.bin 1297105369
MO dump NULL /exports/homes/mbruckel/netfpga/lib/verilog/core/nf2/generic_top/src/dump.v vlg52/dump.bin 1297105369
MO nf2_dma_bus_fsm NULL /exports/homes/mbruckel/netfpga/lib/verilog/core/dma/src/nf2_dma_bus_fsm.v vlg7D/nf2__dma__bus__fsm.bin 1297105369
MO cpu_dma_rx_queue NULL /exports/homes/mbruckel/netfpga/lib/verilog/core/io_queues/cpu_dma_queue/src/cpu_dma_rx_queue.v vlg36/cpu__dma__rx__queue.bin 1297105369
MO arbitrator NULL /exports/homes/mbruckel/netfpga/lib/verilog/core/utils/src/arbitrator.v vlg06/arbitrator.bin 1297105369
MO nf2_mac_grp NULL /exports/homes/mbruckel/netfpga/lib/verilog/core/io_queues/ethernet_queue/src/nf2_mac_grp.v vlg1A/nf2__mac__grp.bin 1297105369
MO udp_reg_master NULL /exports/homes/mbruckel/netfpga/lib/verilog/core/user_data_path/udp_reg_master/src/udp_reg_master.v vlg4D/udp__reg__master.bin 1297105369
MO fifo_mem NULL /exports/homes/mbruckel/netfpga/lib/verilog/core/utils/src/small_async_fifo.v vlg2A/fifo__mem.bin 1297105369
MO pci2net_16x60 NULL /exports/homes/mbruckel/netfpga/lib/verilog/core/cpci_bus/src/src_coregen/pci2net_16x60.v vlg65/pci2net__16x60.bin 1297105369
MO net2pci_16x32 NULL /exports/homes/mbruckel/netfpga/lib/verilog/core/cpci_bus/src/src_coregen/net2pci_16x32.v vlg28/net2pci__16x32.bin 1297105369
MO oq_reg_helper NULL /exports/homes/mbruckel/netfpga/lib/verilog/core/output_queues/sram_rr_output_queues/src/oq_reg_helper.v vlg78/oq__reg__helper.bin 1297105369
MO cpu_dma_queue_no_regs NULL /exports/homes/mbruckel/netfpga/lib/verilog/core/io_queues/cpu_dma_queue/src/cpu_dma_queue_no_regs.v vlg51/cpu__dma__queue__no__regs.bin 1297105369
MO unused_reg NULL /exports/homes/mbruckel/netfpga/lib/verilog/core/utils/src/unused_reg.v vlg65/unused__reg.bin 1297105369
MO small_async_fifo NULL /exports/homes/mbruckel/netfpga/lib/verilog/core/utils/src/small_async_fifo.v vlg35/small__async__fifo.bin 1297105369
MO oq_regs_eval_empty NULL /exports/homes/mbruckel/netfpga/lib/verilog/core/output_queues/sram_rr_output_queues/src/oq_regs_eval_empty.v vlg4D/oq__regs__eval__empty.bin 1297105369
MO sram_arbiter NULL /exports/homes/mbruckel/netfpga/lib/verilog/core/sram_arbiter/sram_weighted_rr/src/sram_arbiter.v vlg37/sram__arbiter.bin 1297105369
MO nf2_dma_regs NULL /exports/homes/mbruckel/netfpga/lib/verilog/core/dma/src/nf2_dma_regs.v vlg4F/nf2__dma__regs.bin 1297105369
MO gig_eth_mac_rx NULL /exports/homes/mbruckel/netfpga/lib/verilog/contrib/ucsd/gig_eth_mac/src/gig_eth_mac_rx.v vlg1C/gig__eth__mac__rx.bin 1297105369
MO oq_regs_eval_full NULL /exports/homes/mbruckel/netfpga/lib/verilog/core/output_queues/sram_rr_output_queues/src/oq_regs_eval_full.v vlg6D/oq__regs__eval__full.bin 1297105369
MO pulse_synchronizer NULL /exports/homes/mbruckel/netfpga/lib/verilog/core/utils/src/pulse_synchronizer.v vlg32/pulse__synchronizer.bin 1297105369
MO CRC_chk NULL /exports/homes/mbruckel/netfpga/lib/verilog/contrib/ucsd/gig_eth_mac/src/CRC_chk.v vlg69/_c_r_c__chk.bin 1297105369
MO rptr_empty NULL /exports/homes/mbruckel/netfpga/lib/verilog/core/utils/src/small_async_fifo.v vlg76/rptr__empty.bin 1297105369
MO store_pkt NULL /exports/homes/mbruckel/netfpga/lib/verilog/core/output_queues/sram_rr_output_queues/src/store_pkt.v vlg6B/store__pkt.bin 1297105369
MO rotate NULL /exports/homes/mbruckel/netfpga/lib/verilog/core/utils/src/rotate.v vlg5F/rotate.bin 1297105369
MO gig_eth_mac_tx NULL /exports/homes/mbruckel/netfpga/lib/verilog/contrib/ucsd/gig_eth_mac/src/gig_eth_mac_tx.v vlg26/gig__eth__mac__tx.bin 1297105369
MO small_fifo_v1 NULL /exports/homes/mbruckel/netfpga/lib/verilog/core/utils/src/small_fifo.v vlg62/small__fifo__v1.bin 1297105369
MO tx_queue NULL /exports/homes/mbruckel/netfpga/lib/verilog/core/io_queues/ethernet_queue/src/tx_queue.v vlg54/tx__queue.bin 1297105369
MO small_fifo_v2 NULL /exports/homes/mbruckel/netfpga/lib/verilog/core/utils/src/small_fifo_v2.v vlg63/small__fifo__v2.bin 1297105369
MO fallthrough_small_fifo NULL /exports/homes/mbruckel/netfpga/lib/verilog/core/utils/src/fallthrough_small_fifo_v2.v vlg1F/fallthrough__small__fifo.bin 1297105369
MO generic_hw_regs NULL /exports/homes/mbruckel/netfpga/lib/verilog/core/utils/generic_regs/src/generic_hw_regs.v vlg43/generic__hw__regs.bin 1297105369
MO rxfifo_8kx9_to_36 NULL /exports/homes/mbruckel/netfpga/lib/verilog/core/io_queues/ethernet_queue/src/src_coregen/rxfifo_8kx9_to_36.v vlg47/rxfifo__8kx9__to__36.bin 1297105369
MO remove_pkt NULL /exports/homes/mbruckel/netfpga/lib/verilog/core/output_queues/sram_rr_output_queues/src/remove_pkt.v vlg30/remove__pkt.bin 1297105369
MO sram_reg_access NULL /exports/homes/mbruckel/netfpga/lib/verilog/core/sram_arbiter/sram_weighted_rr/src/sram_reg_access.v vlg15/sram__reg__access.bin 1297105369
MO reg_grp NULL /exports/homes/mbruckel/netfpga/lib/verilog/core/utils/src/reg_grp.v vlg7E/reg__grp.bin 1297105369
MO txfifo_1024x36_to_9 NULL /exports/homes/mbruckel/netfpga/lib/verilog/core/io_queues/ethernet_queue/src/src_coregen/txfifo_1024x36_to_9.v vlg61/txfifo__1024x36__to__9.bin 1297105369
MO rgmii_io NULL /exports/homes/mbruckel/netfpga/lib/verilog/core/nf2/generic_top/src/rgmii_io.v vlg1B/rgmii__io.bin 1297105369
MO strip_headers NULL /exports/homes/mbruckel/netfpga/lib/verilog/core/strip_headers/keep_length/src/strip_headers.v vlg39/strip__headers.bin 1297105369
MO rxfifo_8kx9_to_72 NULL /exports/homes/mbruckel/netfpga/lib/verilog/core/io_queues/ethernet_queue/src/src_coregen/rxfifo_8kx9_to_72.v vlg57/rxfifo__8kx9__to__72.bin 1297105369
MO gig_eth_mac NULL /exports/homes/mbruckel/netfpga/lib/verilog/contrib/ucsd/gig_eth_mac/src/gig_eth_mac.v vlg1F/gig__eth__mac.bin 1297105369
MO sync_w2r NULL /exports/homes/mbruckel/netfpga/lib/verilog/core/utils/src/small_async_fifo.v vlg5F/sync__w2r.bin 1297105369
MO generic_regs NULL /exports/homes/mbruckel/netfpga/lib/verilog/core/utils/generic_regs/src/generic_regs.v vlg79/generic__regs.bin 1297105369
MO hdr_fifo NULL /exports/homes/mbruckel/netfpga/lib/verilog/core/io_queues/add_rm_hdr/src/src_coregen/hdr_fifo.v vlg51/hdr__fifo.bin 1297105369
MO cpci_bus NULL /exports/homes/mbruckel/netfpga/lib/verilog/core/cpci_bus/src/cpci_bus.v vlg60/cpci__bus.bin 1297105369
MO mac_grp_regs NULL /exports/homes/mbruckel/netfpga/lib/verilog/core/io_queues/ethernet_queue/src/mac_grp_regs.v vlg39/mac__grp__regs.bin 1297105369
MO nf2_dma NULL /exports/homes/mbruckel/netfpga/lib/verilog/core/dma/src/nf2_dma.v vlg37/nf2__dma.bin 1297105369
MO wptr_full NULL /exports/homes/mbruckel/netfpga/lib/verilog/core/utils/src/small_async_fifo.v vlg27/wptr__full.bin 1297105369
MO syncfifo_512x36_fallthrough NULL /exports/homes/mbruckel/netfpga/lib/verilog/core/utils/src/src_coregen/syncfifo_512x36_fallthrough.v vlg20/syncfifo__512x36__fallthrough.bin 1297105369
MO cdq_tx_fifo_256x72_to_36 NULL /exports/homes/mbruckel/netfpga/lib/verilog/core/io_queues/cpu_dma_queue/src/src_coregen/cdq_tx_fifo_256x72_to_36.v vlg29/cdq__tx__fifo__256x72__to__36.bin 1297105369
MO cdq_rx_fifo_512x36_to_72 NULL /exports/homes/mbruckel/netfpga/lib/verilog/core/io_queues/cpu_dma_queue/src/src_coregen/cdq_rx_fifo_512x36_to_72.v vlg4E/cdq__rx__fifo__512x36__to__72.bin 1297105369
MO nf2_dma_sync NULL /exports/homes/mbruckel/netfpga/lib/verilog/core/dma/src/nf2_dma_sync.v vlg53/nf2__dma__sync.bin 1297105369
MO syncfifo_512x32 NULL /exports/homes/mbruckel/netfpga/lib/verilog/core/dma/src/src_coregen/syncfifo_512x32.v vlg6D/syncfifo__512x32.bin 1297105369
MO async_fifo_512x36_to_72_progfull_500 NULL /exports/homes/mbruckel/netfpga/lib/verilog/core/utils/src/src_coregen/async_fifo_512x36_to_72_progfull_500.v vlg51/async__fifo__512x36__to__72__progfull__500.bin 1297105369
MO syncfifo_512x36 NULL /exports/homes/mbruckel/netfpga/lib/verilog/core/utils/src/src_coregen/syncfifo_512x36.v vlg71/syncfifo__512x36.bin 1297105369
MO small_fifo NULL /exports/homes/mbruckel/netfpga/lib/verilog/core/utils/src/small_fifo_v3.v vlg4C/small__fifo.bin 1297105369
MO lfsr32 NULL /exports/homes/mbruckel/netfpga/lib/verilog/core/utils/src/lfsr32.v vlg5C/lfsr32.bin 1297105369
MO nf2_reg_grp NULL /exports/homes/mbruckel/netfpga/lib/verilog/core/nf2/reference_core/src/nf2_reg_grp.v vlg5F/nf2__reg__grp.bin 1297105369
MO async_fifo_512x36_progfull_500 NULL /exports/homes/mbruckel/netfpga/lib/verilog/core/utils/src/src_coregen/async_fifo_512x36_progfull_500.v vlg73/async__fifo__512x36__progfull__500.bin 1297105369
MO fallthrough_small_fifo_old NULL /exports/homes/mbruckel/netfpga/lib/verilog/core/utils/src/fallthrough_small_fifo.v vlg69/fallthrough__small__fifo__old.bin 1297105369
MO priority_encoder NULL /exports/homes/mbruckel/netfpga/lib/verilog/core/utils/src/priority_encoder.v vlg71/priority__encoder.bin 1297105369
MO cnet_sram_sm NULL /exports/homes/mbruckel/netfpga/lib/verilog/core/sram_arbiter/sram_weighted_rr/src/cnet_sram_sm.v vlg17/cnet__sram__sm.bin 1297105369
MO decoder NULL /exports/homes/mbruckel/netfpga/lib/verilog/core/utils/src/decoder.v vlg02/decoder.bin 1297105369
MO nf2_dma_que_intfc NULL /exports/homes/mbruckel/netfpga/lib/verilog/core/dma/src/nf2_dma_que_intfc.v vlg58/nf2__dma__que__intfc.bin 1297105369
MO cdq_rx_fifo_512x36 NULL /exports/homes/mbruckel/netfpga/lib/verilog/core/io_queues/cpu_dma_queue/src/src_coregen/cdq_rx_fifo_512x36.v vlg30/cdq__rx__fifo__512x36.bin 1297105369
MO input_arbiter NULL /exports/homes/mbruckel/netfpga/lib/verilog/core/input_arbiter/rr_input_arbiter/src/input_arbiter.v vlg38/input__arbiter.bin 1297105369
MO output_port_lookup NULL ../src/output_port_lookup/output_port_lookup.v vlg26/output__port__lookup.bin 1297105369
MO oq_reg_instances NULL /exports/homes/mbruckel/netfpga/lib/verilog/core/output_queues/sram_rr_output_queues/src/oq_reg_instances.v vlg00/oq__reg__instances.bin 1297105369
MO oq_regs NULL /exports/homes/mbruckel/netfpga/lib/verilog/core/output_queues/sram_rr_output_queues/src/oq_regs.v vlg38/oq__regs.bin 1297105369
MO syncfifo_512x72 NULL /exports/homes/mbruckel/netfpga/lib/verilog/core/utils/src/src_coregen/syncfifo_512x72.v vlg01/syncfifo__512x72.bin 1297105369
MO cpu_dma_tx_queue NULL /exports/homes/mbruckel/netfpga/lib/verilog/core/io_queues/cpu_dma_queue/src/cpu_dma_tx_queue.v vlg10/cpu__dma__tx__queue.bin 1297105369
MO nf2_top NULL /exports/homes/mbruckel/netfpga/lib/verilog/core/nf2/generic_top/src/nf2_top.v vlg60/nf2__top.bin 1297105369
MO oq_regs_dual_port_ram NULL /exports/homes/mbruckel/netfpga/lib/verilog/core/output_queues/sram_rr_output_queues/src/oq_regs_dual_port_ram.v vlg18/oq__regs__dual__port__ram.bin 1297105369
MO rx_queue NULL /exports/homes/mbruckel/netfpga/lib/verilog/core/io_queues/ethernet_queue/src/rx_queue.v vlg7A/rx__queue.bin 1297105369
MO async_fifo_256x72_to_36 NULL /exports/homes/mbruckel/netfpga/lib/verilog/core/utils/src/src_coregen/async_fifo_256x72_to_36.v vlg50/async__fifo__256x72__to__36.bin 1297105369
MO CRC_gen NULL /exports/homes/mbruckel/netfpga/lib/verilog/contrib/ucsd/gig_eth_mac/src/CRC_gen.v vlg41/_c_r_c__gen.bin 1297105369
MO user_data_path NULL /exports/homes/mbruckel/netfpga/lib/verilog/core/user_data_path/reference_user_data_path/src/user_data_path.v vlg68/user__data__path.bin 1297105369
MO txfifo_512x72_to_9 NULL /exports/homes/mbruckel/netfpga/lib/verilog/core/io_queues/ethernet_queue/src/src_coregen/txfifo_512x72_to_9.v vlg2E/txfifo__512x72__to__9.bin 1297105369
MO output_queues NULL /exports/homes/mbruckel/netfpga/lib/verilog/core/output_queues/sram_rr_output_queues/src/output_queues.v vlg68/output__queues.bin 1297105369
MO generic_table_regs NULL /exports/homes/mbruckel/netfpga/lib/verilog/core/utils/generic_regs/src/generic_table_regs.v vlg3C/generic__table__regs.bin 1297105369
